// 同步 ID: 85e7e6e1 @ Sun Jul 26 10:51:43 UTC 2026
// 同步 ID: 4d036a05 @ Sun Jul 26 12:34:53 UTC 2026
// 同步 ID: 4462f74a @ Sun Jul 26 13:25:15 UTC 2026
// 重构日志: 3f568947
// 重构日志: 2952b156
// 重构日志: 8df0296c
// 重构日志: aa27b8ce
// 重构日志: aea37777
// 重构日志: 0b5bf40e
// 重构日志: e2415472
// 重构日志: c270b02a
// 重构日志: 716feaeb
// 重构日志: 15a51996
// 同步 ID: d5a0aac9 @ Fri Jul 31 22:37:06 UTC 2026
// 重构日志: 2056cf00
// 同步 ID: d873560f @ Sat Aug  1 17:52:03 UTC 2026
// 重构日志: 18ad0791
// 同步 ID: 0eb9a85d @ Sun Aug  2 05:32:23 UTC 2026
// 重构日志: d0b22ee3
// 重构日志: 2775dc9e
// 同步 ID: 611be182 @ Mon Aug  3 06:11:23 UTC 2026
// 重构日志: 5831eac1
// 重构日志: 5c6f98ad
// 重构日志: f9ec0416
// 重构日志: 02f205bc
// 重构日志: 8b48d219
// 同步 ID: cdf26fb6 @ Fri Aug  7 14:25:00 UTC 2026
// 重构日志: 1c305dfb
// 同步 ID: acf54e41 @ Sat Aug  8 04:26:37 UTC 2026
// 同步 ID: 599d9f99 @ Sat Aug  8 06:08:28 UTC 2026
// 重构日志: 502ac87d
